mode: set
github.com/mikeziminio/go-custom-metrics/cmd/reset/main.go:43.13,45.36 2 1
github.com/mikeziminio/go-custom-metrics/cmd/reset/main.go:45.36,47.3 1 1
github.com/mikeziminio/go-custom-metrics/cmd/reset/main.go:50.13,52.23 2 0
github.com/mikeziminio/go-custom-metrics/cmd/reset/main.go:52.23,54.3 1 0
github.com/mikeziminio/go-custom-metrics/cmd/reset/main.go:56.2,57.16 2 0
github.com/mikeziminio/go-custom-metrics/cmd/reset/main.go:57.16,60.3 2 0
github.com/mikeziminio/go-custom-metrics/cmd/reset/main.go:62.2,62.37 1 0
github.com/mikeziminio/go-custom-metrics/cmd/reset/main.go:62.37,63.24 1 0
github.com/mikeziminio/go-custom-metrics/cmd/reset/main.go:63.24,64.12 1 0
github.com/mikeziminio/go-custom-metrics/cmd/reset/main.go:67.3,68.62 2 0
github.com/mikeziminio/go-custom-metrics/cmd/reset/main.go:68.62,71.4 2 0
github.com/mikeziminio/go-custom-metrics/cmd/reset/main.go:73.3,73.76 1 0
github.com/mikeziminio/go-custom-metrics/cmd/reset/main.go:78.82,81.88 2 1
github.com/mikeziminio/go-custom-metrics/cmd/reset/main.go:81.88,82.17 1 1
github.com/mikeziminio/go-custom-metrics/cmd/reset/main.go:82.17,84.4 1 0
github.com/mikeziminio/go-custom-metrics/cmd/reset/main.go:86.3,86.20 1 1
github.com/mikeziminio/go-custom-metrics/cmd/reset/main.go:86.20,88.4 1 1
github.com/mikeziminio/go-custom-metrics/cmd/reset/main.go:90.3,90.29 1 1
github.com/mikeziminio/go-custom-metrics/cmd/reset/main.go:90.29,92.4 1 1
github.com/mikeziminio/go-custom-metrics/cmd/reset/main.go:94.3,95.17 2 1
github.com/mikeziminio/go-custom-metrics/cmd/reset/main.go:95.17,97.4 1 0
github.com/mikeziminio/go-custom-metrics/cmd/reset/main.go:99.3,100.29 2 1
github.com/mikeziminio/go-custom-metrics/cmd/reset/main.go:100.29,101.41 1 1
github.com/mikeziminio/go-custom-metrics/cmd/reset/main.go:101.41,103.5 1 1
github.com/mikeziminio/go-custom-metrics/cmd/reset/main.go:106.3,106.24 1 1
github.com/mikeziminio/go-custom-metrics/cmd/reset/main.go:106.24,108.4 1 1
github.com/mikeziminio/go-custom-metrics/cmd/reset/main.go:110.3,110.53 1 1
github.com/mikeziminio/go-custom-metrics/cmd/reset/main.go:113.2,113.20 1 1
github.com/mikeziminio/go-custom-metrics/cmd/reset/main.go:117.91,122.29 3 1
github.com/mikeziminio/go-custom-metrics/cmd/reset/main.go:122.29,124.17 2 1
github.com/mikeziminio/go-custom-metrics/cmd/reset/main.go:124.17,125.12 1 1
github.com/mikeziminio/go-custom-metrics/cmd/reset/main.go:128.3,128.35 1 1
github.com/mikeziminio/go-custom-metrics/cmd/reset/main.go:128.35,130.11 2 1
github.com/mikeziminio/go-custom-metrics/cmd/reset/main.go:130.11,131.13 1 0
github.com/mikeziminio/go-custom-metrics/cmd/reset/main.go:134.4,134.39 1 1
github.com/mikeziminio/go-custom-metrics/cmd/reset/main.go:134.39,136.12 2 1
github.com/mikeziminio/go-custom-metrics/cmd/reset/main.go:136.12,137.14 1 0
github.com/mikeziminio/go-custom-metrics/cmd/reset/main.go:140.5,140.53 1 1
github.com/mikeziminio/go-custom-metrics/cmd/reset/main.go:140.53,142.6 1 1
github.com/mikeziminio/go-custom-metrics/cmd/reset/main.go:148.2,149.29 2 1
github.com/mikeziminio/go-custom-metrics/cmd/reset/main.go:149.29,151.17 2 1
github.com/mikeziminio/go-custom-metrics/cmd/reset/main.go:151.17,152.12 1 1
github.com/mikeziminio/go-custom-metrics/cmd/reset/main.go:156.3,158.35 2 1
github.com/mikeziminio/go-custom-metrics/cmd/reset/main.go:158.35,160.11 2 1
github.com/mikeziminio/go-custom-metrics/cmd/reset/main.go:160.11,161.13 1 0
github.com/mikeziminio/go-custom-metrics/cmd/reset/main.go:164.4,164.39 1 1
github.com/mikeziminio/go-custom-metrics/cmd/reset/main.go:164.39,166.12 2 1
github.com/mikeziminio/go-custom-metrics/cmd/reset/main.go:166.12,167.14 1 0
github.com/mikeziminio/go-custom-metrics/cmd/reset/main.go:170.5,171.12 2 1
github.com/mikeziminio/go-custom-metrics/cmd/reset/main.go:171.12,172.14 1 0
github.com/mikeziminio/go-custom-metrics/cmd/reset/main.go:176.5,180.63 3 1
github.com/mikeziminio/go-custom-metrics/cmd/reset/main.go:180.63,181.14 1 1
github.com/mikeziminio/go-custom-metrics/cmd/reset/main.go:184.5,184.97 1 1
github.com/mikeziminio/go-custom-metrics/cmd/reset/main.go:189.2,189.22 1 1
github.com/mikeziminio/go-custom-metrics/cmd/reset/main.go:189.22,191.3 1 1
github.com/mikeziminio/go-custom-metrics/cmd/reset/main.go:193.2,193.12 1 1
github.com/mikeziminio/go-custom-metrics/cmd/reset/main.go:197.62,198.20 1 1
github.com/mikeziminio/go-custom-metrics/cmd/reset/main.go:198.20,200.3 1 1
github.com/mikeziminio/go-custom-metrics/cmd/reset/main.go:202.2,202.33 1 1
github.com/mikeziminio/go-custom-metrics/cmd/reset/main.go:202.33,203.52 1 1
github.com/mikeziminio/go-custom-metrics/cmd/reset/main.go:203.52,205.4 1 1
github.com/mikeziminio/go-custom-metrics/cmd/reset/main.go:208.2,208.14 1 1
github.com/mikeziminio/go-custom-metrics/cmd/reset/main.go:211.103,214.30 2 1
github.com/mikeziminio/go-custom-metrics/cmd/reset/main.go:214.30,215.48 1 1
github.com/mikeziminio/go-custom-metrics/cmd/reset/main.go:215.48,216.29 1 1
github.com/mikeziminio/go-custom-metrics/cmd/reset/main.go:216.29,217.13 1 0
github.com/mikeziminio/go-custom-metrics/cmd/reset/main.go:220.4,224.34 3 1
github.com/mikeziminio/go-custom-metrics/cmd/reset/main.go:225.23,228.61 3 1
github.com/mikeziminio/go-custom-metrics/cmd/reset/main.go:229.24,230.21 1 1
github.com/mikeziminio/go-custom-metrics/cmd/reset/main.go:230.21,234.6 3 1
github.com/mikeziminio/go-custom-metrics/cmd/reset/main.go:235.22,238.65 3 1
github.com/mikeziminio/go-custom-metrics/cmd/reset/main.go:239.25,241.58 2 1
github.com/mikeziminio/go-custom-metrics/cmd/reset/main.go:242.12,244.58 1 1
github.com/mikeziminio/go-custom-metrics/cmd/reset/main.go:247.4,247.38 1 1
github.com/mikeziminio/go-custom-metrics/cmd/reset/main.go:251.2,256.3 1 1
github.com/mikeziminio/go-custom-metrics/cmd/reset/main.go:259.44,260.26 1 1
github.com/mikeziminio/go-custom-metrics/cmd/reset/main.go:261.18,262.16 1 1
github.com/mikeziminio/go-custom-metrics/cmd/reset/main.go:263.21,264.36 1 1
github.com/mikeziminio/go-custom-metrics/cmd/reset/main.go:265.22,266.19 1 1
github.com/mikeziminio/go-custom-metrics/cmd/reset/main.go:266.19,268.4 1 1
github.com/mikeziminio/go-custom-metrics/cmd/reset/main.go:269.3,269.62 1 0
github.com/mikeziminio/go-custom-metrics/cmd/reset/main.go:270.20,271.84 1 1
github.com/mikeziminio/go-custom-metrics/cmd/reset/main.go:272.23,273.20 1 1
github.com/mikeziminio/go-custom-metrics/cmd/reset/main.go:274.21,275.18 1 1
github.com/mikeziminio/go-custom-metrics/cmd/reset/main.go:276.25,277.64 1 1
github.com/mikeziminio/go-custom-metrics/cmd/reset/main.go:278.10,279.12 1 0
github.com/mikeziminio/go-custom-metrics/cmd/reset/main.go:283.66,286.16 3 1
github.com/mikeziminio/go-custom-metrics/cmd/reset/main.go:286.16,288.3 1 0
github.com/mikeziminio/go-custom-metrics/cmd/reset/main.go:289.2,290.16 2 1
github.com/mikeziminio/go-custom-metrics/cmd/reset/main.go:290.16,292.3 1 0
github.com/mikeziminio/go-custom-metrics/cmd/reset/main.go:293.2,293.12 1 1
github.com/mikeziminio/go-custom-metrics/cmd/reset/main.go:304.78,306.28 2 1
github.com/mikeziminio/go-custom-metrics/cmd/reset/main.go:306.28,308.17 2 1
github.com/mikeziminio/go-custom-metrics/cmd/reset/main.go:308.17,310.12 1 0
github.com/mikeziminio/go-custom-metrics/cmd/reset/main.go:312.3,312.51 1 1
github.com/mikeziminio/go-custom-metrics/cmd/reset/main.go:315.2,324.61 3 1
github.com/mikeziminio/go-custom-metrics/cmd/reset/main.go:324.61,326.3 1 0
github.com/mikeziminio/go-custom-metrics/cmd/reset/main.go:327.2,327.25 1 1
github.com/mikeziminio/go-custom-metrics/cmd/reset/main.go:330.42,333.24 3 1
github.com/mikeziminio/go-custom-metrics/cmd/reset/main.go:333.24,335.3 1 1
github.com/mikeziminio/go-custom-metrics/cmd/reset/main.go:336.2,336.13 1 1
github.com/mikeziminio/go-custom-metrics/cmd/reset/main.go:352.89,354.29 2 1
github.com/mikeziminio/go-custom-metrics/cmd/reset/main.go:354.29,356.17 2 1
github.com/mikeziminio/go-custom-metrics/cmd/reset/main.go:356.17,358.12 1 0
github.com/mikeziminio/go-custom-metrics/cmd/reset/main.go:360.3,360.48 1 1
github.com/mikeziminio/go-custom-metrics/cmd/reset/main.go:363.2,372.63 3 1
github.com/mikeziminio/go-custom-metrics/cmd/reset/main.go:372.63,374.3 1 0
github.com/mikeziminio/go-custom-metrics/cmd/reset/main.go:375.2,375.25 1 1
github.com/mikeziminio/go-custom-metrics/cmd/reset/main.go:378.87,381.13 2 1
github.com/mikeziminio/go-custom-metrics/cmd/reset/main.go:381.13,382.48 1 1
github.com/mikeziminio/go-custom-metrics/cmd/reset/main.go:382.48,388.4 5 1
github.com/mikeziminio/go-custom-metrics/cmd/reset/main.go:388.9,392.4 3 1
github.com/mikeziminio/go-custom-metrics/cmd/reset/main.go:393.8,393.22 1 1
github.com/mikeziminio/go-custom-metrics/cmd/reset/main.go:393.22,395.3 1 1
github.com/mikeziminio/go-custom-metrics/cmd/reset/main.go:395.8,395.20 1 1
github.com/mikeziminio/go-custom-metrics/cmd/reset/main.go:395.20,397.3 1 1
github.com/mikeziminio/go-custom-metrics/cmd/reset/main.go:397.8,397.65 1 1
github.com/mikeziminio/go-custom-metrics/cmd/reset/main.go:397.65,401.3 3 0
github.com/mikeziminio/go-custom-metrics/cmd/reset/main.go:401.8,403.3 1 1
github.com/mikeziminio/go-custom-metrics/cmd/reset/main.go:405.2,405.25 1 1
github.com/mikeziminio/go-custom-metrics/cmd/reset/main.go:408.98,410.35 1 1
github.com/mikeziminio/go-custom-metrics/cmd/reset/main.go:410.35,412.3 1 1
github.com/mikeziminio/go-custom-metrics/cmd/reset/main.go:414.2,414.22 1 1
github.com/mikeziminio/go-custom-metrics/cmd/reset/main.go:414.22,415.41 1 1
github.com/mikeziminio/go-custom-metrics/cmd/reset/main.go:415.41,418.4 1 1
github.com/mikeziminio/go-custom-metrics/cmd/reset/main.go:421.2,421.26 1 1
github.com/mikeziminio/go-custom-metrics/cmd/reset/main.go:424.66,425.15 1 1
github.com/mikeziminio/go-custom-metrics/cmd/reset/main.go:425.15,427.3 1 0
github.com/mikeziminio/go-custom-metrics/cmd/reset/main.go:430.2,430.33 1 1
github.com/mikeziminio/go-custom-metrics/cmd/reset/main.go:430.33,433.23 2 1
github.com/mikeziminio/go-custom-metrics/cmd/reset/main.go:433.23,434.43 1 1
github.com/mikeziminio/go-custom-metrics/cmd/reset/main.go:434.43,436.5 1 1
github.com/mikeziminio/go-custom-metrics/cmd/reset/main.go:438.3,438.14 1 1
github.com/mikeziminio/go-custom-metrics/cmd/reset/main.go:442.2,442.34 1 1
github.com/mikeziminio/go-custom-metrics/cmd/reset/main.go:442.34,445.23 2 1
github.com/mikeziminio/go-custom-metrics/cmd/reset/main.go:445.23,446.43 1 0
github.com/mikeziminio/go-custom-metrics/cmd/reset/main.go:446.43,448.5 1 0
github.com/mikeziminio/go-custom-metrics/cmd/reset/main.go:450.3,450.14 1 1
github.com/mikeziminio/go-custom-metrics/cmd/reset/main.go:454.2,454.36 1 1
github.com/mikeziminio/go-custom-metrics/cmd/reset/main.go:454.36,457.25 2 1
github.com/mikeziminio/go-custom-metrics/cmd/reset/main.go:457.25,460.24 2 1
github.com/mikeziminio/go-custom-metrics/cmd/reset/main.go:460.24,461.44 1 0
github.com/mikeziminio/go-custom-metrics/cmd/reset/main.go:461.44,463.6 1 0
github.com/mikeziminio/go-custom-metrics/cmd/reset/main.go:465.4,465.15 1 1
github.com/mikeziminio/go-custom-metrics/cmd/reset/main.go:467.3,467.13 1 0
github.com/mikeziminio/go-custom-metrics/cmd/reset/main.go:471.2,471.22 1 1
github.com/mikeziminio/go-custom-metrics/cmd/reset/main.go:471.22,472.41 1 1
github.com/mikeziminio/go-custom-metrics/cmd/reset/main.go:472.41,474.4 1 1
github.com/mikeziminio/go-custom-metrics/cmd/reset/main.go:477.2,477.9 1 1
github.com/mikeziminio/go-custom-metrics/cmd/reset/main.go:478.83,479.15 1 1
github.com/mikeziminio/go-custom-metrics/cmd/reset/main.go:480.88,481.16 1 1
github.com/mikeziminio/go-custom-metrics/cmd/reset/main.go:482.42,483.17 1 1
github.com/mikeziminio/go-custom-metrics/cmd/reset/main.go:484.21,485.16 1 1
github.com/mikeziminio/go-custom-metrics/cmd/reset/main.go:486.23,487.18 1 1
github.com/mikeziminio/go-custom-metrics/cmd/reset/main.go:488.10,494.75 2 1
github.com/mikeziminio/go-custom-metrics/cmd/reset/main.go:494.75,495.40 1 1
github.com/mikeziminio/go-custom-metrics/cmd/reset/main.go:495.40,497.5 1 1
github.com/mikeziminio/go-custom-metrics/cmd/reset/main.go:500.3,500.13 1 1
github.com/mikeziminio/go-custom-metrics/cmd/reset/main.go:504.53,505.18 1 1
github.com/mikeziminio/go-custom-metrics/cmd/reset/main.go:506.13,507.13 1 1
github.com/mikeziminio/go-custom-metrics/cmd/reset/main.go:508.14,509.13 1 1
github.com/mikeziminio/go-custom-metrics/cmd/reset/main.go:510.15,511.13 1 1
github.com/mikeziminio/go-custom-metrics/cmd/reset/main.go:512.14,513.17 1 1
github.com/mikeziminio/go-custom-metrics/cmd/reset/main.go:514.16,515.14 1 1
github.com/mikeziminio/go-custom-metrics/cmd/reset/main.go:516.18,517.14 1 1
github.com/mikeziminio/go-custom-metrics/cmd/reset/main.go:518.10,519.15 1 1
github.com/mikeziminio/go-custom-metrics/cmd/reset/main.go:523.76,524.15 1 1
github.com/mikeziminio/go-custom-metrics/cmd/reset/main.go:524.15,526.3 1 0
github.com/mikeziminio/go-custom-metrics/cmd/reset/main.go:529.2,529.99 1 1
github.com/mikeziminio/go-custom-metrics/cmd/reset/main.go:529.99,531.3 1 1
github.com/mikeziminio/go-custom-metrics/cmd/reset/main.go:534.2,535.41 2 1
github.com/mikeziminio/go-custom-metrics/cmd/reset/main.go:538.38,539.15 1 1
github.com/mikeziminio/go-custom-metrics/cmd/reset/main.go:539.15,541.3 1 1
github.com/mikeziminio/go-custom-metrics/cmd/reset/main.go:544.2,544.99 1 1
github.com/mikeziminio/go-custom-metrics/cmd/reset/main.go:544.99,546.3 1 1
github.com/mikeziminio/go-custom-metrics/cmd/reset/main.go:549.2,550.41 2 1
github.com/mikeziminio/go-custom-metrics/cmd/reset/main.go:555.34,558.2 2 1
